// Jest Snapshot v1, https://goo.gl/fbAQLP

exports[`Input with tags should match snapshot 1`] = `
.c0 {
  -webkit-align-items: flex-start;
  -webkit-box-align: flex-start;
  -ms-flex-align: flex-start;
  align-items: flex-start;
  border: 1px solid #2c3b63;
  border-radius: 6px;
  display: -webkit-box;
  display: -webkit-flex;
  display: -ms-flexbox;
  display: flex;
  -webkit-flex-wrap: wrap;
  -ms-flex-wrap: wrap;
  flex-wrap: wrap;
  font-family: sans-serif;
  min-height: 48px;
  padding: 0 8px;
  width: 480px;
}

.c0:focus-within {
  border: 1px solid #2c3b63;
}

.c1 {
  display: -webkit-box;
  display: -webkit-flex;
  display: -ms-flexbox;
  display: flex;
  -webkit-flex-wrap: wrap;
  -ms-flex-wrap: wrap;
  flex-wrap: wrap;
  margin: 8px 0 0 0;
  padding: 0;
}

.c2 {
  -webkit-flex: 1 1 240px;
  -ms-flex: 1 1 240px;
  flex: 1 1 240px;
}

.c3 {
  border: none;
  font-size: 14px;
  height: 46px;
  padding: 4px 0 0 0;
  width: 100%;
}

.c3:focus {
  outline: transparent;
}

<div
  className="c0"
>
  <ul
    className="c1"
  />
  <div
    className="c2"
  >
    <input
      className="c3"
      onKeyUp={[Function]}
      placeholder="Tags are space separated"
    />
  </div>
</div>
`;
